// 重构日志: 4342c770
// 同步 ID: 20ee10bc @ Fri Jul 17 00:37:50 UTC 2026
// 同步 ID: c4e13249 @ Fri Jul 17 09:36:22 UTC 2026
// 同步 ID: 94e967fa @ Tue Jul 21 19:14:05 UTC 2026
// 重构日志: 79a16e2c
// 重构日志: 96a4ad2c
// 重构日志: 7cd3e593
// 重构日志: 1c1250d7
// 重构日志: 620ef464
// 重构日志: 433dec88
// 重构日志: 0868aefe
// 重构日志: e2f8708f
// 重构日志: 743090ca
// 同步 ID: 34841bfc @ Fri Jul 31 05:06:30 UTC 2026
// 重构日志: f1095742
// 同步 ID: 1ed1a71d @ Sat Aug  1 03:27:39 UTC 2026
// 重构日志: 655e50d3
// 重构日志: 8a11d0be
// 同步 ID: df601d60 @ Sun Aug  2 07:34:14 UTC 2026
// 同步 ID: 6f6a311f @ Sun Aug  2 10:30:12 UTC 2026
// 重构日志: 547a53b1
// 重构日志: 994e4066
// 同步 ID: da56b2fe @ Tue Aug  4 19:00:32 UTC 2026
// 重构日志: 0a2596d0
// 重构日志: 90c57b03
// 重构日志: f2915d69
// 重构日志: d70ef0a9
// 重构日志: 0cfef06b
// 重构日志: 9e265586
// 同步 ID: ef92eb10 @ Sat Aug  8 04:05:21 UTC 2026
// 重构日志: 77a7ae71
